// Jest Snapshot v1, https://goo.gl/fbAQLP

exports[`must match snapshot 1`] = `
Array [
  Object {
    "className": "js/controllers/TodoCtrl.ts.TodoCtrl",
    "id": undefined,
    "probes": Array [
      false,
      false,
      false,
      false,
      false,
      false,
      false,
      false,
      false,
      false,
      true,
      false,
      false,
      false,
      false,
      false,
      false,
      false,
      false,
      false,
      true,
      true,
      true,
      true,
      true,
      true,
      true,
      true,
      true,
      false,
      false,
      true,
      true,
      true,
      false,
      false,
      false,
      false,
      false,
      false,
      false,
      false,
      false,
      false,
      false,
      false,
      false,
      false,
      false,
      false,
      false,
      false,
      false,
      false,
      false,
      false,
      false,
      false,
      false,
      false,
      false,
      false,
      false,
    ],
    "testName": "add",
  },
  Object {
    "className": "js/directives/TodoBlur.ts",
    "id": undefined,
    "probes": Array [
      false,
      false,
      false,
      false,
      false,
      false,
      false,
      true,
      true,
      true,
      true,
    ],
    "testName": "add",
  },
  Object {
    "className": "js/directives/TodoEscape.ts",
    "id": undefined,
    "probes": Array [
      false,
      false,
      false,
      false,
      false,
      false,
      false,
      false,
      true,
      true,
      false,
      false,
      false,
      true,
      true,
      true,
    ],
    "testName": "add",
  },
  Object {
    "className": "js/directives/TodoFocus.ts",
    "id": undefined,
    "probes": Array [
      false,
      false,
      false,
      false,
      false,
      false,
      false,
      false,
      true,
      true,
      true,
      false,
      false,
      true,
      true,
    ],
    "testName": "add",
  },
  Object {
    "className": "js/models/TodoItem.ts.TodoItem",
    "id": undefined,
    "probes": Array [
      true,
      true,
      true,
      true,
    ],
    "testName": "add",
  },
  Object {
    "className": "js/services/TodoStorage.ts.TodoStorage",
    "id": undefined,
    "probes": Array [
      false,
      false,
      false,
      true,
      true,
      true,
    ],
    "testName": "add",
  },
]
`;
